package sql

import (
    "database/sql"

    _ "github.com/mattn/go-sqlite3"
)

var db *sql.DB

func Open() error {
    var err error
    db, err = sql.Open("sqlite3", "file:actions.sqlite")
    if err != nil {
        return nil, err
    }

    if err := db.Ping(); err != nil {
        return nil, err
    }

    db.SetMaxOpenConns(50)
    return db, nil
}

func Close() error {
    if db != nil {
        return db.Close()
    }
    return nil
}